src/App.tsx(7,23): error TS2307: Cannot find module './pages/Dashboard' or its corresponding type declarations.
src/features/accounting/budget/components/PeriodSelector.tsx(1,17): error TS6133: 'useState' is declared but its value is never read.
src/features/accounting/budget/hooks/useBudgets.ts(73,7): error TS6133: 'checkBudgetAvailability' is declared but its value is never read.
src/features/accounting/budget/index.ts(6,10): error TS2300: Duplicate identifier 'VarianceAnalysis'.
src/features/accounting/budget/index.ts(29,5): error TS2300: Duplicate identifier 'VarianceAnalysis'.
src/features/accounting/budget/pages/BudgetDashboard.tsx(2,72): error TS6133: 'Spin' is declared but its value is never read.
src/features/accounting/budget/pages/BudgetDashboard.tsx(31,9): error TS6133: 'refetchAll' is declared but its value is never read.
src/features/accounting/budget/pages/BudgetEntry.tsx(24,15): error TS6196: 'Budget' is declared but never used.
src/features/accounting/budget/pages/BudgetEntry.tsx(199,21): error TS2322: Type '(value: string | undefined) => string' is not assignable to type '(displayValue: string | undefined) => number'.
  Type 'string' is not assignable to type 'number'.
src/features/accounting/budget/pages/BudgetEntry.tsx(218,21): error TS2322: Type '(value: string | undefined) => string' is not assignable to type '(displayValue: string | undefined) => number'.
  Type 'string' is not assignable to type 'number'.
src/features/accounting/budget/pages/VarianceAnalysis.tsx(12,5): error TS6133: 'Spin' is declared but its value is never read.
src/features/accounting/budget/pages/VarianceAnalysis.tsx(152,37): error TS6133: 'record' is declared but its value is never read.
src/features/accounting/budget/pages/VarianceAnalysis.tsx(268,37): error TS2322: Type '(value: number) => string' is not assignable to type 'Formatter<number, NameType> & ((value: number, name: NameType, item: Payload<number, NameType>, index: number, payload: Payload<number, NameType>[]) => ReactNode | [...])'.
  Type '(value: number) => string' is not assignable to type 'Formatter<number, NameType>'.
    Types of parameters 'value' and 'value' are incompatible.
      Type 'number | undefined' is not assignable to type 'number'.
        Type 'undefined' is not assignable to type 'number'.
src/features/accounting/JournalForm.tsx(6,1): error TS6133: 'LoadingScreen' is declared but its value is never read.
src/features/inventory/pages/InventoryDashboard.tsx(2,73): error TS6133: 'useStockMovements' is declared but its value is never read.
src/features/inventory/pages/InventoryDashboard.tsx(3,21): error TS2307: Cannot find module '../../../../components/Sidebar' or its corresponding type declarations.
src/features/inventory/pages/InventoryDashboard.tsx(4,10): error TS6133: 'DollarSign' is declared but its value is never read.
src/features/inventory/pages/InventoryDashboard.tsx(4,22): error TS6133: 'AlertTriangle' is declared but its value is never read.
src/features/inventory/pages/InventoryDashboard.tsx(4,53): error TS6133: 'Package' is declared but its value is never read.
src/features/inventory/pages/InventoryDashboard.tsx(4,62): error TS6133: 'TrendingUp' is declared but its value is never read.
src/features/inventory/pages/StockValuation.tsx(2,21): error TS2307: Cannot find module '../../../../components/Sidebar' or its corresponding type declarations.
src/features/inventory/pages/StockValuation.tsx(3,46): error TS6133: 'CheckCircle' is declared but its value is never read.
src/features/service/pages/ServiceMetrics.tsx(4,49): error TS6133: 'DollarSign' is declared but its value is never read.
src/features/workflow/pages/ApprovalGroups.tsx(2,23): error TS2307: Cannot find module '../../api/client' or its corresponding type declarations.
src/features/workflow/pages/ApprovalGroups.tsx(3,21): error TS2307: Cannot find module '../../components/Sidebar' or its corresponding type declarations.
src/features/workflow/pages/ApprovalGroups.tsx(4,10): error TS6133: 'Users' is declared but its value is never read.
src/features/workflow/pages/ApprovalGroups.tsx(4,23): error TS6133: 'Edit' is declared but its value is never read.
src/features/workflow/pages/ApprovalGroups.tsx(4,37): error TS6133: 'CheckCircle' is declared but its value is never read.
src/features/workflow/pages/ApprovalGroups.tsx(9,27): error TS6133: 'isLoading' is declared but its value is never read.
src/features/workflow/pages/ApprovalHistory.tsx(2,23): error TS2307: Cannot find module '../../api/client' or its corresponding type declarations.
src/features/workflow/pages/ApprovalHistory.tsx(3,21): error TS2307: Cannot find module '../../components/Sidebar' or its corresponding type declarations.
src/features/workflow/pages/ApprovalHistory.tsx(4,10): error TS6133: 'History' is declared but its value is never read.
src/features/workflow/pages/ApprovalHistory.tsx(4,48): error TS6133: 'FileText' is declared but its value is never read.
src/features/workflow/pages/ApprovalHistory.tsx(4,58): error TS6133: 'User' is declared but its value is never read.
src/features/workflow/pages/ApprovalHistory.tsx(7,30): error TS6133: 'isLoading' is declared but its value is never read.
src/features/workflow/pages/ApprovalTemplates.tsx(2,23): error TS2307: Cannot find module '../../api/client' or its corresponding type declarations.
src/features/workflow/pages/ApprovalTemplates.tsx(3,21): error TS2307: Cannot find module '../../components/Sidebar' or its corresponding type declarations.
src/features/workflow/pages/ApprovalTemplates.tsx(4,10): error TS6133: 'FileText' is declared but its value is never read.
src/features/workflow/pages/ApprovalTemplates.tsx(9,30): error TS6133: 'isLoading' is declared but its value is never read.
src/features/workflow/pages/ApprovalTemplates.tsx(17,11): error TS6133: 'groups' is declared but its value is never read.
src/features/workflow/pages/ApprovalTemplates.tsx(25,11): error TS6133: 'contentTypes' is declared but its value is never read.
